
> subsolo-backend@1.0.0 build
> tsc

prisma/seed.ts(2,10): error TS2305: Module '"@prisma/client"' has no exported member 'PrismaClient'.
src/lib/email.ts(1,24): error TS2307: Cannot find module 'nodemailer' or its corresponding type declarations.
src/lib/prisma.ts(3,10): error TS2305: Module '"@prisma/client"' has no exported member 'PrismaClient'.
src/lib/sanitize.ts(1,17): error TS2307: Cannot find module 'xss' or its corresponding type declarations.
src/routes/posts.ts(165,53): error TS7006: Parameter 'tx' implicitly has an 'any' type.
src/services/nick.ts(2,15): error TS2305: Module '"@prisma/client"' has no exported member 'Nick'.
src/services/nick.ts(16,37): error TS7006: Parameter 'tx' implicitly has an 'any' type.
src/services/nick.ts(27,42): error TS7006: Parameter 'n' implicitly has an 'any' type.
node.exe : npm error 
Lifecycle script `build` 
failed with error:
No linha:1 caractere:1
+ & "C:\Program 
Files\nodejs/node.exe" "C:\
Users\AmonA\AppData\Roaming
\ ...
+ ~~~~~~~~~~~~~~~~~~~~~~~~~
~~~~~~~~~~~~~~~~~~~~~~~~~~~
~~~~~~~~~~~~~~~~~
    + CategoryInfo         
     : NotSpecified: (npm  
   error Lifec...led wit   
 h error::String) [], R    
emoteException
    + FullyQualifiedErrorI 
   d : NativeCommandError
 
npm error code 2
npm error path C:\Users\Amo
nA\Desktop\Projetos\Subsolo
\backend
npm error workspace 
subsolo-backend@1.0.0
npm error location C:\Users
\AmonA\Desktop\Projetos\Sub
solo\backend
npm error command failed
npm error command C:\WINDOW
S\system32\cmd.exe /d /s 
/c tsc
